2858
{"seq":0,"class":"lifecycle","writer":"l6","ts":"2026-09-26T12:58:29.191405Z","body":{"constitution_hash":"1df0e28548a48b373e779dce8f00ea906c7f98afc009d573afccdf1009d77685","governed_hashes":{"context_contract":"dfb4ade9c5fe1f2d6f8b285ec9099c407842fa16f7a48f87cea051e9d4ed8f96","deployment_anchor":"ea1fda831d236a5760b5f7613b1e2136b4db22a696a2b915ae150bad3f0d82e7","envelope":"5038cec78187bf951a72f049294cad3a50894bd1092d841fb85d7011197609e7","exec_ceiling":"de77da3c17b374764e000aec3adf44749911c6cedf1947507c34b2f18d2c7b07","grant_authority":"1ca97460d1b0a171dafa693ec90d444f1c2f1b6aa4aa607e94b7bf8350de97a4","grant_effective":"2744fe0d4c79cf2fa155a22fe4d7df5c58f2b010bf9c31dac18cf3c217710ca3","grant_envelope":"0696cbb7c84a601ff1b29ed6ca35326b4b9844c5f49d140952ae3c029fa2081a","l1_eis":"2dcd3dcc43700b3767ffb958e2f509dfaba32cee0bc1ffbf34164a5276ab84b1","l1_policy":"2cfe5f336ba77a251cd2da2f0fc9ec5cd8a93de49f4aa5b7ea9a537e51324485","l1_status":"completed","l6_constitution":"1df0e28548a48b373e779dce8f00ea906c7f98afc009d573afccdf1009d77685","l7_constitution":"008be050c29740ce8d863b3f7ae858fa6b63eb29ad853d563b358e2156662370","l8_execution_bound":"turns\u003c=261;delegations\u003c=2;executions\u003c=263;output_captured\u003c=524288;wall_s\u003c=300","origin:commission":"c0a8e3d6-5b1e-4f5a-9d3e-2b4c6a8e0f12","origin:grant_instantiated":"0696cbb7c84a601ff1b29ed6ca35326b4b9844c5f49d140952ae3c029fa2081a","origin:grant_template":"464aa70705efaa4c2355387d25e94109d8a4474fca4d0ccbcd39a63e149904b5","origin:skill":"remediate-dependency@4","origin:skill_catalog":"bc5625ebb725c8d00195d8162babdaeae56b51d1bf528cfde914aaeabcbdacf4","origin:skill_composition":"be6398748de39e9053e70b94efb5f65df53a233774988e7dda9846a4e3e204de","origin:skill_context_contract":"dfb4ade9c5fe1f2d6f8b285ec9099c407842fa16f7a48f87cea051e9d4ed8f96","origin:skill_input_schema":"d06e92de195002f1c8e83e04ba0f62e7d27802563701c01fcf7cdf64d98910a8","origin:skill_procedure":"672e3c0d630635616e6237c80417d33655dcf5291ccee42c9a292dcb80e8e65f","origin:skill_workflow":"32f66aceb34b117f35f66a5abff989fa3abbe6621fa476922236a9a0bca61b4f","origin:skill_workflow_ceiling":"5321e6d99dbb25b44e68d3b15faaa075deb7d076cc7380e9d9663662faa7c84f","origin:spec_effective":"203b4ea41b5bdf046a44c67a373b439a0589ce37c8f8475c090c63bd8736050a","origin:spec_template":"17c14c2a99a6e9cab3949ec13123058955db606f7579c17c5c4fe9fdb4c7aaaa","registry":"7c489f9941884a7d1cf0fde0624f4ea040e0045135867e9a523d49da34d72902","skill":"remediate-dependency@4","spec":"203b4ea41b5bdf046a44c67a373b439a0589ce37c8f8475c090c63bd8736050a","workflow":"32f66aceb34b117f35f66a5abff989fa3abbe6621fa476922236a9a0bca61b4f","workflow_ceiling":"5321e6d99dbb25b44e68d3b15faaa075deb7d076cc7380e9d9663662faa7c84f"},"reason":"created","retry_of":"","to":"CREATED"},"body_hash":"a7b908b67d55a3880bfe9feb7f62b37c229068d6214006ebff74ea02dee471c2"}
613
{"seq":1,"class":"l5-op","writer":"l5","ts":"2026-09-26T12:58:29.20329Z","body":{"argv":["-c","core.hooksPath=/var/folders/c9/1tp1x0w50h1gjyf7g1km9jxc0000gn/T/TestThemisIntakeFixture3838121576/003/provider/env-2339465753/nohooks","clone","--no-hardlinks","/private/var/folders/c9/1tp1x0w50h1gjyf7g1km9jxc0000gn/T/TestThemisIntakeFixture3838121576/004/demo-vuln-app","/var/folders/c9/1tp1x0w50h1gjyf7g1km9jxc0000gn/T/TestThemisIntakeFixture3838121576/003/provider/env-2339465753/worktree"],"exit":0,"outcome":"ok","phase":"provision"},"body_hash":"025343dcab3145fc9e0336997e0dacfdd249d9c33ec8c731b24f4b7e97fa284e"}
454
{"seq":2,"class":"l5-op","writer":"l5","ts":"2026-09-26T12:58:29.208344Z","body":{"argv":["-c","core.hooksPath=/var/folders/c9/1tp1x0w50h1gjyf7g1km9jxc0000gn/T/TestThemisIntakeFixture3838121576/003/provider/env-2339465753/nohooks","-c","advice.detachedHead=false","checkout","--detach","102c72803e83819bbd65afafc7e89fe03b3b884b"],"exit":0,"outcome":"ok","phase":"provision"},"body_hash":"9f7b6a6dfc2acf5349e1913e5adbd9d4f1324edc25eeca93f42cdfb63510ac23"}
375
{"seq":3,"class":"l5-op","writer":"l5","ts":"2026-09-26T12:58:29.212328Z","body":{"argv":["-c","core.hooksPath=/var/folders/c9/1tp1x0w50h1gjyf7g1km9jxc0000gn/T/TestThemisIntakeFixture3838121576/003/provider/env-2339465753/nohooks","rev-parse","HEAD"],"exit":0,"outcome":"ok","phase":"provision"},"body_hash":"8f7cf7da3cf0b29906cca50e61cd3bbb9269a4e4abc72cd7f0db255b2b63d068"}
229
{"seq":4,"class":"l5-transition","writer":"l5","ts":"2026-09-26T12:58:29.216209Z","body":{"from":"PROVISIONING","reason":"provisioned","to":"ACTIVE"},"body_hash":"7e36205df0e03efed2826a040257594ba756a0c55c1845b11088419d559c1367"}
2005
{"seq":5,"class":"l2-delivery","writer":"l7","ts":"2026-09-26T12:58:29.2966Z","refs":[{"id":"sha256:dfb4ade9c5fe1f2d6f8b285ec9099c407842fa16f7a48f87cea051e9d4ed8f96","class":"evidence-payload"},{"id":"sha256:ea1fda831d236a5760b5f7613b1e2136b4db22a696a2b915ae150bad3f0d82e7","class":"evidence-payload"},{"id":"sha256:0696cbb7c84a601ff1b29ed6ca35326b4b9844c5f49d140952ae3c029fa2081a","class":"evidence-payload"},{"id":"sha256:672e3c0d630635616e6237c80417d33655dcf5291ccee42c9a292dcb80e8e65f","class":"evidence-payload"},{"id":"sha256:bc5625ebb725c8d00195d8162babdaeae56b51d1bf528cfde914aaeabcbdacf4","class":"evidence-payload"},{"id":"sha256:be6398748de39e9053e70b94efb5f65df53a233774988e7dda9846a4e3e204de","class":"evidence-payload"},{"id":"sha256:203b4ea41b5bdf046a44c67a373b439a0589ce37c8f8475c090c63bd8736050a","class":"evidence-payload"},{"id":"sha256:32f66aceb34b117f35f66a5abff989fa3abbe6621fa476922236a9a0bca61b4f","class":"evidence-payload"},{"id":"sha256:5321e6d99dbb25b44e68d3b15faaa075deb7d076cc7380e9d9663662faa7c84f","class":"evidence-payload"}],"body":{"kind":"materialized-governed-artifacts","objects":{"context_contract":"sha256:dfb4ade9c5fe1f2d6f8b285ec9099c407842fa16f7a48f87cea051e9d4ed8f96","deployment_anchor":"sha256:ea1fda831d236a5760b5f7613b1e2136b4db22a696a2b915ae150bad3f0d82e7","grant_submitted":"sha256:0696cbb7c84a601ff1b29ed6ca35326b4b9844c5f49d140952ae3c029fa2081a","procedure":"sha256:672e3c0d630635616e6237c80417d33655dcf5291ccee42c9a292dcb80e8e65f","skill_catalog":"sha256:bc5625ebb725c8d00195d8162babdaeae56b51d1bf528cfde914aaeabcbdacf4","skill_manifest":"sha256:be6398748de39e9053e70b94efb5f65df53a233774988e7dda9846a4e3e204de","spec":"sha256:203b4ea41b5bdf046a44c67a373b439a0589ce37c8f8475c090c63bd8736050a","workflow":"sha256:32f66aceb34b117f35f66a5abff989fa3abbe6621fa476922236a9a0bca61b4f","workflow_ceiling":"sha256:5321e6d99dbb25b44e68d3b15faaa075deb7d076cc7380e9d9663662faa7c84f"}},"body_hash":"937abea75b00e669a6c45396d14968da95bdf215ebb54b690045d172bf1e4e26"}
202
{"seq":6,"class":"lifecycle","writer":"l6","ts":"2026-09-26T12:58:29.306221Z","body":{"reason":"assembled","to":"RUNNING"},"body_hash":"8bbfa1a5e577774140c4a68459650e1ccd20657d93fed0dd25097721536a93c6"}
741
{"seq":7,"class":"l2-delivery","writer":"l7","ts":"2026-09-26T12:58:29.329382Z","refs":[{"id":"sha256:8a0c694053f4971c1afb81b2890c5fa7f0b2ca187055475131d5a633f2759cff","class":"evidence-payload"}],"body":{"contract_hash":"dfb4ade9c5fe1f2d6f8b285ec9099c407842fa16f7a48f87cea051e9d4ed8f96","eis_hash":"2dcd3dcc43700b3767ffb958e2f509dfaba32cee0bc1ffbf34164a5276ab84b1","framing":"l2-composed-v1","l2_payload_hash":"5ac328d3ba402947ee0b87a91d25dbae47e16a88d6c2f9b72274c548badf71fd","payload":"sha256:8a0c694053f4971c1afb81b2890c5fa7f0b2ca187055475131d5a633f2759cff","phase":"ANALYZE","render_hash":"742057c760a639ad440cce04e8ef08eef597186038754a05c80c6fd975fd75d5"},"body_hash":"8b48f6197ebca772de53c3e0234b72eb01b72903e2a97983af2699f3dd3f9822"}
388
{"seq":8,"class":"model-turn","writer":"l7","ts":"2026-09-26T12:58:29.341508Z","refs":[{"id":"sha256:939b04925b0027cfe2ae76d9898d1f39feeb4d1298fe6e1e79a85f35871f1dd3","class":"evidence-payload"}],"body":{"endpoint":"","fact":"tool-calls","identity":{"wire_model":"","runtime":""},"model":"scripted","turn":1},"body_hash":"a8f8dc3ad2ebf63b963204f6eb23ef13172f7169d5453837899ff8dfc1f7f2b8"}
793
{"seq":9,"class":"l4-audit","writer":"l4","ts":"2026-09-26T12:58:29.353455Z","refs":[{"id":"sha256:b5bb2b7e6a953719c2709749e28fa114b029415c373a9481421729dfd45b5b0f","class":"evidence-payload"}],"body":{"Tool":"get_finding","ArgsHash":"f099f23c8ffb6e2611985c122530cbbbd89e0f8a8a648adeed0c6ec6f014f7c0","Decision":"authorized","DenialClass":"","ModelDetail":"","TracePredicate":"authorized","ErrClass":"","Target":"b1be6f86-2ecd-451f-9411-95f1f32fd501","RegistryHash":"7c489f9941884a7d1cf0fde0624f4ea040e0045135867e9a523d49da34d72902","GrantHash":"2744fe0d4c79cf2fa155a22fe4d7df5c58f2b010bf9c31dac18cf3c217710ca3","ResultHash":"b5bb2b7e6a953719c2709749e28fa114b029415c373a9481421729dfd45b5b0f","SkippedOversized":0},"body_hash":"9c174d5ce3cf7e6d0d5a7e3d564824a5c405fa22a63f0279b5f4fdebbcd0f654"}
389
{"seq":10,"class":"model-turn","writer":"l7","ts":"2026-09-26T12:58:29.365369Z","refs":[{"id":"sha256:52243656a1496769c2524c430870bd9b1e406a07a4bb66cb83f79467d3afda52","class":"evidence-payload"}],"body":{"endpoint":"","fact":"tool-calls","identity":{"wire_model":"","runtime":""},"model":"scripted","turn":2},"body_hash":"7c2ee563a899745be833a51e85e6886a2a51b2692dd6ced322081f5fe56e75b8"}
762
{"seq":11,"class":"l4-audit","writer":"l4","ts":"2026-09-26T12:58:29.374257Z","refs":[{"id":"sha256:f8277b22344af1c67a7ffdcf1bf329d6d89c46dac94947a21df6255f4955d3fe","class":"evidence-payload"}],"body":{"Tool":"read_file","ArgsHash":"8968a153b3887fad5c53e6048275e6a1aedb1d4a5125f23f7ca080f696a3a3ca","Decision":"authorized","DenialClass":"","ModelDetail":"","TracePredicate":"authorized","ErrClass":"","Target":"go.mod","RegistryHash":"7c489f9941884a7d1cf0fde0624f4ea040e0045135867e9a523d49da34d72902","GrantHash":"2744fe0d4c79cf2fa155a22fe4d7df5c58f2b010bf9c31dac18cf3c217710ca3","ResultHash":"f8277b22344af1c67a7ffdcf1bf329d6d89c46dac94947a21df6255f4955d3fe","SkippedOversized":0},"body_hash":"ac90c98cc819b57f92b20fdc2bced7cb1b574f4e4425676aee924dc01e8baf5f"}
388
{"seq":12,"class":"model-turn","writer":"l7","ts":"2026-09-26T12:58:29.383433Z","refs":[{"id":"sha256:b0cae4faff0c0cc4831d490e550073484da123535db754bf39085ca0682c3c30","class":"evidence-payload"}],"body":{"endpoint":"","fact":"no-action","identity":{"wire_model":"","runtime":""},"model":"scripted","turn":3},"body_hash":"e4febf23c1c1a7b2d8c9e78aa4c2c00d2ee2030b44d31dfaee342e2466f07e2a"}
388
{"seq":13,"class":"model-turn","writer":"l7","ts":"2026-09-26T12:58:29.392313Z","refs":[{"id":"sha256:14a00cbc28a6ba8be6bf5c882bec508ed79bfc9e4acfed82bc7cbbf138a27774","class":"evidence-payload"}],"body":{"endpoint":"","fact":"no-action","identity":{"wire_model":"","runtime":""},"model":"scripted","turn":4},"body_hash":"085c662baef960f5103372764b4ef6b806b80d0f9e348e7f78aa5e1eab80541b"}
389
{"seq":14,"class":"model-turn","writer":"l7","ts":"2026-09-26T12:58:29.400354Z","refs":[{"id":"sha256:e9e0ffc3ca391b39e2bf96bcccfd530a9254b61fbf7b43798a7339700063f08d","class":"evidence-payload"}],"body":{"endpoint":"","fact":"tool-calls","identity":{"wire_model":"","runtime":""},"model":"scripted","turn":5},"body_hash":"98aee052bde54979a8851ecca8d84d5e37b90d573122eac82ee797d4e3b36f40"}
759
{"seq":15,"class":"l4-audit","writer":"l4","ts":"2026-09-26T12:58:29.412444Z","refs":[{"id":"sha256:8a19cb98db5a880f8f82699d52ec3b3fc4748d62f21379f285e025bbac0167b7","class":"evidence-payload"}],"body":{"Tool":"declare_done","ArgsHash":"44136fa355b3678a1146ad16f7e8649e94fb4fc21fe77e8310c060f61caaff8a","Decision":"authorized","DenialClass":"","ModelDetail":"","TracePredicate":"authorized","ErrClass":"","Target":"","RegistryHash":"7c489f9941884a7d1cf0fde0624f4ea040e0045135867e9a523d49da34d72902","GrantHash":"2744fe0d4c79cf2fa155a22fe4d7df5c58f2b010bf9c31dac18cf3c217710ca3","ResultHash":"8a19cb98db5a880f8f82699d52ec3b3fc4748d62f21379f285e025bbac0167b7","SkippedOversized":0},"body_hash":"f0127fc283e70f75a621662b58616d7826792a5c98e9e067b89dfe30c341ac58"}
298
{"seq":16,"class":"workflow-transition","writer":"l7","ts":"2026-09-26T12:58:29.415394Z","body":{"cause_seq":15,"edge_id":"ANALYZE/signal:phase-completion-requested","exhausted":false,"from":"ANALYZE","to":"REMEDIATE"},"body_hash":"3880b05365f90c0141ee5dae72c697f59bce0d8eade19d9a07b2d46a98fafa59"}
744
{"seq":17,"class":"l2-delivery","writer":"l7","ts":"2026-09-26T12:58:29.422973Z","refs":[{"id":"sha256:8a0c694053f4971c1afb81b2890c5fa7f0b2ca187055475131d5a633f2759cff","class":"evidence-payload"}],"body":{"contract_hash":"dfb4ade9c5fe1f2d6f8b285ec9099c407842fa16f7a48f87cea051e9d4ed8f96","eis_hash":"2dcd3dcc43700b3767ffb958e2f509dfaba32cee0bc1ffbf34164a5276ab84b1","framing":"l2-composed-v1","l2_payload_hash":"5ac328d3ba402947ee0b87a91d25dbae47e16a88d6c2f9b72274c548badf71fd","payload":"sha256:8a0c694053f4971c1afb81b2890c5fa7f0b2ca187055475131d5a633f2759cff","phase":"REMEDIATE","render_hash":"742057c760a639ad440cce04e8ef08eef597186038754a05c80c6fd975fd75d5"},"body_hash":"3028ccce008f47f022b6c9cf641bcd1c3e3f3074781e83fd2f72a78a7e82a754"}
389
{"seq":18,"class":"model-turn","writer":"l7","ts":"2026-09-26T12:58:29.435489Z","refs":[{"id":"sha256:be2473a642f199d5e9c926f5c9d67902f8102a47468f3471567aae177be3ca8c","class":"evidence-payload"}],"body":{"endpoint":"","fact":"tool-calls","identity":{"wire_model":"","runtime":""},"model":"scripted","turn":6},"body_hash":"e9a914aedbd8956452c69185b3402adbdbe3f0daabb24cbaf67f33ef8f8f88ed"}
768
{"seq":19,"class":"l4-audit","writer":"l4","ts":"2026-09-26T12:58:29.449418Z","refs":[{"id":"sha256:c1796b181e534da883ff6b73f1ef929d73b29f559892da6df1e99239ded27523","class":"evidence-payload"}],"body":{"Tool":"write_file","ArgsHash":"d1c11a3fc1d67ad49c21406ec15a9f4adfa8c933aa4df29e1a911645f8d67d19","Decision":"authorized","DenialClass":"","ModelDetail":"","TracePredicate":"authorized","ErrClass":"","Target":"report.json","RegistryHash":"7c489f9941884a7d1cf0fde0624f4ea040e0045135867e9a523d49da34d72902","GrantHash":"2744fe0d4c79cf2fa155a22fe4d7df5c58f2b010bf9c31dac18cf3c217710ca3","ResultHash":"c1796b181e534da883ff6b73f1ef929d73b29f559892da6df1e99239ded27523","SkippedOversized":0},"body_hash":"3cdf8cfb5fd70c7298ae37133ecdeabdcf09e8a752e15dcddc5828ec44385bbf"}
389
{"seq":20,"class":"model-turn","writer":"l7","ts":"2026-09-26T12:58:29.463548Z","refs":[{"id":"sha256:f4b6d9ea71562c4bda87c97c3506f62ec54f30d5b5a922bc918f8668eda96378","class":"evidence-payload"}],"body":{"endpoint":"","fact":"tool-calls","identity":{"wire_model":"","runtime":""},"model":"scripted","turn":7},"body_hash":"c2c86c607b205ff8a98e77663de537eb3a78bcee13f9b07e494935cc05d08e44"}
771
{"seq":21,"class":"l4-audit","writer":"l4","ts":"2026-09-26T12:58:29.478181Z","refs":[{"id":"sha256:3fcca747a8d3c2995d9f62bc8537834cc413df842ddcc0f43a15609039ad1802","class":"evidence-payload"}],"body":{"Tool":"verify_report","ArgsHash":"aaec80259968b22aa5e95f3ad792337991439112031fde09fd8195dbd9a26bf0","Decision":"authorized","DenialClass":"","ModelDetail":"","TracePredicate":"authorized","ErrClass":"","Target":"report.json","RegistryHash":"7c489f9941884a7d1cf0fde0624f4ea040e0045135867e9a523d49da34d72902","GrantHash":"2744fe0d4c79cf2fa155a22fe4d7df5c58f2b010bf9c31dac18cf3c217710ca3","ResultHash":"3fcca747a8d3c2995d9f62bc8537834cc413df842ddcc0f43a15609039ad1802","SkippedOversized":0},"body_hash":"b627dbe3dff13ce0e068ad696e48be1590bc78638124a8a2404a0851663a72ee"}
744
{"seq":22,"class":"l10-verification","writer":"l10","ts":"2026-09-26T12:58:29.513577Z","refs":[{"id":"sha256:bbc161f60fd09dcc1f5e2566693c1d32513fc9f540712d132fe7fc6de3f3e02f","class":"evidence-payload"},{"id":"sha256:3fcca747a8d3c2995d9f62bc8537834cc413df842ddcc0f43a15609039ad1802","class":"evidence-payload"},{"id":"sha256:e738d02834dd72bc48bea025affa44b633aa98dc32f5cea722dc1c5f4efeb06c","class":"evidence-payload"},{"id":"sha256:4374835c13d349abe110ffe65145df01747b307d02ac295dbbb2eb7b80b7c01a","class":"evidence-payload"}],"body":{"contract":"report-valid@2","outcome":"PASS","record":"sha256:4374835c13d349abe110ffe65145df01747b307d02ac295dbbb2eb7b80b7c01a"},"body_hash":"255ef0a74a4c2c28a7054ac5cd0b85185e3675e7336713d79ad23a11bdae7ef9"}
389
{"seq":23,"class":"model-turn","writer":"l7","ts":"2026-09-26T12:58:29.526694Z","refs":[{"id":"sha256:498665818525fe6679bf81e9b4a4c9b7875281aed3ed98ceef21e3909700b743","class":"evidence-payload"}],"body":{"endpoint":"","fact":"tool-calls","identity":{"wire_model":"","runtime":""},"model":"scripted","turn":8},"body_hash":"47f4d52e53595c73b657cb6579c831e4683c8dc62bbe847f22e3c0d31a70acd8"}
768
{"seq":24,"class":"l4-audit","writer":"l4","ts":"2026-09-26T12:58:29.541603Z","refs":[{"id":"sha256:d9ad4bb668843cde364b33b80ad56d348dd25c9356bee80e12adc33edb21ec44","class":"evidence-payload"}],"body":{"Tool":"write_file","ArgsHash":"35f47db0ef2c3870e1963eaa8a88f231120261511533b173df3411c7a4a0fdb0","Decision":"authorized","DenialClass":"","ModelDetail":"","TracePredicate":"authorized","ErrClass":"","Target":"report.json","RegistryHash":"7c489f9941884a7d1cf0fde0624f4ea040e0045135867e9a523d49da34d72902","GrantHash":"2744fe0d4c79cf2fa155a22fe4d7df5c58f2b010bf9c31dac18cf3c217710ca3","ResultHash":"d9ad4bb668843cde364b33b80ad56d348dd25c9356bee80e12adc33edb21ec44","SkippedOversized":0},"body_hash":"ce6837ead1478531a12edf8abd6cdec932de945f88a106a8c27e1874959e35ef"}
388
{"seq":25,"class":"model-turn","writer":"l7","ts":"2026-09-26T12:58:29.55455Z","refs":[{"id":"sha256:b2b6fbe5c86a8fba730dbffcb044268e39ef92cdca63839f368d957152296f84","class":"evidence-payload"}],"body":{"endpoint":"","fact":"tool-calls","identity":{"wire_model":"","runtime":""},"model":"scripted","turn":9},"body_hash":"d6ac5c131c9e1ff8ab5cf9f20d1ec9bd2bd2f7652c86f77226552006ec55a45e"}
759
{"seq":26,"class":"l4-audit","writer":"l4","ts":"2026-09-26T12:58:29.557673Z","refs":[{"id":"sha256:8a19cb98db5a880f8f82699d52ec3b3fc4748d62f21379f285e025bbac0167b7","class":"evidence-payload"}],"body":{"Tool":"declare_done","ArgsHash":"44136fa355b3678a1146ad16f7e8649e94fb4fc21fe77e8310c060f61caaff8a","Decision":"authorized","DenialClass":"","ModelDetail":"","TracePredicate":"authorized","ErrClass":"","Target":"","RegistryHash":"7c489f9941884a7d1cf0fde0624f4ea040e0045135867e9a523d49da34d72902","GrantHash":"2744fe0d4c79cf2fa155a22fe4d7df5c58f2b010bf9c31dac18cf3c217710ca3","ResultHash":"8a19cb98db5a880f8f82699d52ec3b3fc4748d62f21379f285e025bbac0167b7","SkippedOversized":0},"body_hash":"b6aa2eae68ff22b8874d0b7a388f59086a466e3543bc88f5c8e0995605b7fefb"}
359
{"seq":27,"class":"workflow-transition","writer":"l7","ts":"2026-09-26T12:58:29.561325Z","body":{"cause_seq":26,"edge_id":"REMEDIATE/signal:phase-completion-requested#g0","exhausted":false,"from":"REMEDIATE","gate":{"contract":"report-valid@2","outcome":"PASS"},"to":"@complete"},"body_hash":"5daefcbe1d470e4a1a421b62c1eebefb59388001b0e757703a31b9e30d5b2ca6"}
226
{"seq":28,"class":"l5-transition","writer":"l5","ts":"2026-09-26T12:58:29.565965Z","body":{"from":"ACTIVE","reason":"task-complete","to":"SEALED"},"body_hash":"ea90c7e115adefeeaf873a81983fa2f245dd6d1f1a6b30576f2be269446a52d8"}
222
{"seq":29,"class":"l5-transition","writer":"l5","ts":"2026-09-26T12:58:29.571637Z","body":{"from":"SEALED","reason":"egress","to":"EGRESSING"},"body_hash":"6c4dcfda05e4fd4799d7e49a2fdd30d0d1387e5573088fa762c7275e59693246"}
393
{"seq":30,"class":"l5-op","writer":"l5","ts":"2026-09-26T12:58:29.607558Z","body":{"argv":["-c","core.hooksPath=/var/folders/c9/1tp1x0w50h1gjyf7g1km9jxc0000gn/T/TestThemisIntakeFixture3838121576/003/provider/env-2339465753/nohooks","status","--porcelain=v1","-z","-uall"],"exit":0,"outcome":"ok","phase":"egress"},"body_hash":"b06fba2319cee67794bc83772e4493210c6077698a156cfb5e2980cbcd0bb222"}
339
{"seq":31,"class":"l5-op","writer":"l5","ts":"2026-09-26T12:58:29.619932Z","body":{"artifact_address":"aa480537019e7806a4c52c3f5e788750870ff2ddeccb9828be70ee2d7c910251","observed_file_count":1,"observed_total_bytes":156,"op":"egress","outcome":"acknowledged"},"body_hash":"663be2b4706b6835cb1e5d122f349ac510af04a85dd0ce33f57bf543e63fc6bd"}
243
{"seq":32,"class":"l5-transition","writer":"l5","ts":"2026-09-26T12:58:29.624267Z","body":{"from":"EGRESSING","reason":"artifact aa480537019e","to":"ACKNOWLEDGED"},"body_hash":"5a55d7341b1a9a4614efb7efec5a9444e05d94a3afad326b451193e2c44c8b16"}
373
{"seq":33,"class":"artifact-bound","writer":"l6","ts":"2026-09-26T12:58:29.638361Z","refs":[{"id":"sha256:aa480537019e7806a4c52c3f5e788750870ff2ddeccb9828be70ee2d7c910251","class":"egress-artifact"}],"body":{"artifact":"sha256:aa480537019e7806a4c52c3f5e788750870ff2ddeccb9828be70ee2d7c910251"},"body_hash":"e836cb5a55b2338616e2c70f85bc71723f517b98377964072508c9e0c2a11a01"}
229
{"seq":34,"class":"l5-transition","writer":"l5","ts":"2026-09-26T12:58:29.652362Z","body":{"from":"ACKNOWLEDGED","reason":"teardown","to":"TEARDOWN"},"body_hash":"8f59150dbf66a8d93cce43acffe265ef6e59d6c9cfceae68821b31ff866431e8"}
232
{"seq":35,"class":"l5-transition","writer":"l5","ts":"2026-09-26T12:58:29.668492Z","body":{"from":"TEARDOWN","reason":"verified-clean","to":"DESTROYED"},"body_hash":"d2aad17fae29d503000c923b3811357d0d8e984abe894b01db0caac762299418"}
214
{"seq":36,"class":"lifecycle","writer":"l6","ts":"2026-09-26T12:58:29.672286Z","body":{"reason":"workflow @complete","to":"COMPLETED"},"body_hash":"c6fa21a358d576ede7e25999a71b6fed3ec8d5d19caf605e9088174c02a1fa21"}
