2858
{"seq":0,"class":"lifecycle","writer":"l6","ts":"2026-09-26T12:38:12.660227Z","body":{"constitution_hash":"1df0e28548a48b373e779dce8f00ea906c7f98afc009d573afccdf1009d77685","governed_hashes":{"context_contract":"dfb4ade9c5fe1f2d6f8b285ec9099c407842fa16f7a48f87cea051e9d4ed8f96","deployment_anchor":"d9d0e741516e0df5c102dd6ca81d35a6b352761d1a08f62ab17ebc29d7160cc8","envelope":"518ad2168d2b8aa6e83b518f1fb47f4899efcfb77977294a4dd1d03645976252","exec_ceiling":"560c7e97cf08d161b020a2e64aa222db6853eb8cccec7370ec69601bcda0a0d1","grant_authority":"1ca97460d1b0a171dafa693ec90d444f1c2f1b6aa4aa607e94b7bf8350de97a4","grant_effective":"e33f80a41ca3bf2fe660e7eafed75189593a4897b8c7bc938df499290cfe58f1","grant_envelope":"0696cbb7c84a601ff1b29ed6ca35326b4b9844c5f49d140952ae3c029fa2081a","l1_eis":"2dcd3dcc43700b3767ffb958e2f509dfaba32cee0bc1ffbf34164a5276ab84b1","l1_policy":"2cfe5f336ba77a251cd2da2f0fc9ec5cd8a93de49f4aa5b7ea9a537e51324485","l1_status":"completed","l6_constitution":"1df0e28548a48b373e779dce8f00ea906c7f98afc009d573afccdf1009d77685","l7_constitution":"008be050c29740ce8d863b3f7ae858fa6b63eb29ad853d563b358e2156662370","l8_execution_bound":"turns\u003c=261;delegations\u003c=2;executions\u003c=263;output_captured\u003c=524288;wall_s\u003c=300","origin:commission":"c0a8e3d6-5b1e-4f5a-9d3e-2b4c6a8e0f12","origin:grant_instantiated":"0696cbb7c84a601ff1b29ed6ca35326b4b9844c5f49d140952ae3c029fa2081a","origin:grant_template":"464aa70705efaa4c2355387d25e94109d8a4474fca4d0ccbcd39a63e149904b5","origin:skill":"remediate-dependency@4","origin:skill_catalog":"bc5625ebb725c8d00195d8162babdaeae56b51d1bf528cfde914aaeabcbdacf4","origin:skill_composition":"be6398748de39e9053e70b94efb5f65df53a233774988e7dda9846a4e3e204de","origin:skill_context_contract":"dfb4ade9c5fe1f2d6f8b285ec9099c407842fa16f7a48f87cea051e9d4ed8f96","origin:skill_input_schema":"d06e92de195002f1c8e83e04ba0f62e7d27802563701c01fcf7cdf64d98910a8","origin:skill_procedure":"672e3c0d630635616e6237c80417d33655dcf5291ccee42c9a292dcb80e8e65f","origin:skill_workflow":"32f66aceb34b117f35f66a5abff989fa3abbe6621fa476922236a9a0bca61b4f","origin:skill_workflow_ceiling":"5321e6d99dbb25b44e68d3b15faaa075deb7d076cc7380e9d9663662faa7c84f","origin:spec_effective":"99299f77e7e5e44a3935a90d22b9b8a8b90968c188007e1bd25fed7fec226417","origin:spec_template":"17c14c2a99a6e9cab3949ec13123058955db606f7579c17c5c4fe9fdb4c7aaaa","registry":"7c489f9941884a7d1cf0fde0624f4ea040e0045135867e9a523d49da34d72902","skill":"remediate-dependency@4","spec":"99299f77e7e5e44a3935a90d22b9b8a8b90968c188007e1bd25fed7fec226417","workflow":"32f66aceb34b117f35f66a5abff989fa3abbe6621fa476922236a9a0bca61b4f","workflow_ceiling":"5321e6d99dbb25b44e68d3b15faaa075deb7d076cc7380e9d9663662faa7c84f"},"reason":"created","retry_of":"","to":"CREATED"},"body_hash":"fecd45c29bbdc9600e2a41cbcf838da38a0432ee4ba0553514b330857fb31e61"}
614
{"seq":1,"class":"l5-op","writer":"l5","ts":"2026-09-26T12:38:12.675562Z","body":{"argv":["-c","core.hooksPath=/var/folders/c9/1tp1x0w50h1gjyf7g1km9jxc0000gn/T/TestThemisIntakeFixture1735855065/001/provider/env-1909236032/nohooks","clone","--no-hardlinks","/private/var/folders/c9/1tp1x0w50h1gjyf7g1km9jxc0000gn/T/TestThemisIntakeFixture1735855065/002/demo-vuln-app","/var/folders/c9/1tp1x0w50h1gjyf7g1km9jxc0000gn/T/TestThemisIntakeFixture1735855065/001/provider/env-1909236032/worktree"],"exit":0,"outcome":"ok","phase":"provision"},"body_hash":"a650e6288428a6c7344400522d82fd1d7625d1e06b4c21b39aebcd46d4ccfdad"}
453
{"seq":2,"class":"l5-op","writer":"l5","ts":"2026-09-26T12:38:12.67978Z","body":{"argv":["-c","core.hooksPath=/var/folders/c9/1tp1x0w50h1gjyf7g1km9jxc0000gn/T/TestThemisIntakeFixture1735855065/001/provider/env-1909236032/nohooks","-c","advice.detachedHead=false","checkout","--detach","13f96eca35f2bfcaf1c024201b3635fb7e6653ca"],"exit":0,"outcome":"ok","phase":"provision"},"body_hash":"c87b901444b71ad34fd0a26deff4d6b82964ddcece647f04f640e8a56879d62c"}
375
{"seq":3,"class":"l5-op","writer":"l5","ts":"2026-09-26T12:38:12.683634Z","body":{"argv":["-c","core.hooksPath=/var/folders/c9/1tp1x0w50h1gjyf7g1km9jxc0000gn/T/TestThemisIntakeFixture1735855065/001/provider/env-1909236032/nohooks","rev-parse","HEAD"],"exit":0,"outcome":"ok","phase":"provision"},"body_hash":"fd197ad980235ccbd738d5cb44fd92351ce9d618750862df2d1818aaf8a37018"}
229
{"seq":4,"class":"l5-transition","writer":"l5","ts":"2026-09-26T12:38:12.687749Z","body":{"from":"PROVISIONING","reason":"provisioned","to":"ACTIVE"},"body_hash":"82e46e670057704e70288377106a0e969d4f3bce93f322539fdba1657d2ce8cc"}
2007
{"seq":5,"class":"l2-delivery","writer":"l7","ts":"2026-09-26T12:38:12.767023Z","refs":[{"id":"sha256:dfb4ade9c5fe1f2d6f8b285ec9099c407842fa16f7a48f87cea051e9d4ed8f96","class":"evidence-payload"},{"id":"sha256:d9d0e741516e0df5c102dd6ca81d35a6b352761d1a08f62ab17ebc29d7160cc8","class":"evidence-payload"},{"id":"sha256:0696cbb7c84a601ff1b29ed6ca35326b4b9844c5f49d140952ae3c029fa2081a","class":"evidence-payload"},{"id":"sha256:672e3c0d630635616e6237c80417d33655dcf5291ccee42c9a292dcb80e8e65f","class":"evidence-payload"},{"id":"sha256:bc5625ebb725c8d00195d8162babdaeae56b51d1bf528cfde914aaeabcbdacf4","class":"evidence-payload"},{"id":"sha256:be6398748de39e9053e70b94efb5f65df53a233774988e7dda9846a4e3e204de","class":"evidence-payload"},{"id":"sha256:99299f77e7e5e44a3935a90d22b9b8a8b90968c188007e1bd25fed7fec226417","class":"evidence-payload"},{"id":"sha256:32f66aceb34b117f35f66a5abff989fa3abbe6621fa476922236a9a0bca61b4f","class":"evidence-payload"},{"id":"sha256:5321e6d99dbb25b44e68d3b15faaa075deb7d076cc7380e9d9663662faa7c84f","class":"evidence-payload"}],"body":{"kind":"materialized-governed-artifacts","objects":{"context_contract":"sha256:dfb4ade9c5fe1f2d6f8b285ec9099c407842fa16f7a48f87cea051e9d4ed8f96","deployment_anchor":"sha256:d9d0e741516e0df5c102dd6ca81d35a6b352761d1a08f62ab17ebc29d7160cc8","grant_submitted":"sha256:0696cbb7c84a601ff1b29ed6ca35326b4b9844c5f49d140952ae3c029fa2081a","procedure":"sha256:672e3c0d630635616e6237c80417d33655dcf5291ccee42c9a292dcb80e8e65f","skill_catalog":"sha256:bc5625ebb725c8d00195d8162babdaeae56b51d1bf528cfde914aaeabcbdacf4","skill_manifest":"sha256:be6398748de39e9053e70b94efb5f65df53a233774988e7dda9846a4e3e204de","spec":"sha256:99299f77e7e5e44a3935a90d22b9b8a8b90968c188007e1bd25fed7fec226417","workflow":"sha256:32f66aceb34b117f35f66a5abff989fa3abbe6621fa476922236a9a0bca61b4f","workflow_ceiling":"sha256:5321e6d99dbb25b44e68d3b15faaa075deb7d076cc7380e9d9663662faa7c84f"}},"body_hash":"d34035f3d80b9cd89ce04180500099e51400c2bef5a75223d92963da64f8c2f5"}
202
{"seq":6,"class":"lifecycle","writer":"l6","ts":"2026-09-26T12:38:12.769835Z","body":{"reason":"assembled","to":"RUNNING"},"body_hash":"8d74feadad47fe4e4863f3a5f4555a259c25d5338166f47314c0347a531d0248"}
741
{"seq":7,"class":"l2-delivery","writer":"l7","ts":"2026-09-26T12:38:12.792753Z","refs":[{"id":"sha256:8a0c694053f4971c1afb81b2890c5fa7f0b2ca187055475131d5a633f2759cff","class":"evidence-payload"}],"body":{"contract_hash":"dfb4ade9c5fe1f2d6f8b285ec9099c407842fa16f7a48f87cea051e9d4ed8f96","eis_hash":"2dcd3dcc43700b3767ffb958e2f509dfaba32cee0bc1ffbf34164a5276ab84b1","framing":"l2-composed-v1","l2_payload_hash":"5ac328d3ba402947ee0b87a91d25dbae47e16a88d6c2f9b72274c548badf71fd","payload":"sha256:8a0c694053f4971c1afb81b2890c5fa7f0b2ca187055475131d5a633f2759cff","phase":"ANALYZE","render_hash":"742057c760a639ad440cce04e8ef08eef597186038754a05c80c6fd975fd75d5"},"body_hash":"ba67b2d91f7457c1badcd38dc33593a0c56fac660961d4cdcf8b36ad864e7c7e"}
388
{"seq":8,"class":"model-turn","writer":"l7","ts":"2026-09-26T12:38:12.806918Z","refs":[{"id":"sha256:939b04925b0027cfe2ae76d9898d1f39feeb4d1298fe6e1e79a85f35871f1dd3","class":"evidence-payload"}],"body":{"endpoint":"","fact":"tool-calls","identity":{"wire_model":"","runtime":""},"model":"scripted","turn":1},"body_hash":"9a0e20f0573986889a886bc6fddf0a44b26e2a5ca46cd115489e6d845bbe31d8"}
792
{"seq":9,"class":"l4-audit","writer":"l4","ts":"2026-09-26T12:38:12.82194Z","refs":[{"id":"sha256:b5bb2b7e6a953719c2709749e28fa114b029415c373a9481421729dfd45b5b0f","class":"evidence-payload"}],"body":{"Tool":"get_finding","ArgsHash":"f099f23c8ffb6e2611985c122530cbbbd89e0f8a8a648adeed0c6ec6f014f7c0","Decision":"authorized","DenialClass":"","ModelDetail":"","TracePredicate":"authorized","ErrClass":"","Target":"b1be6f86-2ecd-451f-9411-95f1f32fd501","RegistryHash":"7c489f9941884a7d1cf0fde0624f4ea040e0045135867e9a523d49da34d72902","GrantHash":"e33f80a41ca3bf2fe660e7eafed75189593a4897b8c7bc938df499290cfe58f1","ResultHash":"b5bb2b7e6a953719c2709749e28fa114b029415c373a9481421729dfd45b5b0f","SkippedOversized":0},"body_hash":"b5283854ae3052e04f8e9491d2690e250b3701d1afabeef21aa724190732fc55"}
389
{"seq":10,"class":"model-turn","writer":"l7","ts":"2026-09-26T12:38:12.834814Z","refs":[{"id":"sha256:52243656a1496769c2524c430870bd9b1e406a07a4bb66cb83f79467d3afda52","class":"evidence-payload"}],"body":{"endpoint":"","fact":"tool-calls","identity":{"wire_model":"","runtime":""},"model":"scripted","turn":2},"body_hash":"2491ef5cdd3e55b08d6b08256aaf0d8b336742d2c04bbe32722d41e96f8406a7"}
762
{"seq":11,"class":"l4-audit","writer":"l4","ts":"2026-09-26T12:38:12.846882Z","refs":[{"id":"sha256:f8277b22344af1c67a7ffdcf1bf329d6d89c46dac94947a21df6255f4955d3fe","class":"evidence-payload"}],"body":{"Tool":"read_file","ArgsHash":"8968a153b3887fad5c53e6048275e6a1aedb1d4a5125f23f7ca080f696a3a3ca","Decision":"authorized","DenialClass":"","ModelDetail":"","TracePredicate":"authorized","ErrClass":"","Target":"go.mod","RegistryHash":"7c489f9941884a7d1cf0fde0624f4ea040e0045135867e9a523d49da34d72902","GrantHash":"e33f80a41ca3bf2fe660e7eafed75189593a4897b8c7bc938df499290cfe58f1","ResultHash":"f8277b22344af1c67a7ffdcf1bf329d6d89c46dac94947a21df6255f4955d3fe","SkippedOversized":0},"body_hash":"9bdf9149e55e61e7ee5ed6e7e3770b8ba4a68b01e02f9fd01564ac3fe4fe64d1"}
388
{"seq":12,"class":"model-turn","writer":"l7","ts":"2026-09-26T12:38:12.866898Z","refs":[{"id":"sha256:b0cae4faff0c0cc4831d490e550073484da123535db754bf39085ca0682c3c30","class":"evidence-payload"}],"body":{"endpoint":"","fact":"no-action","identity":{"wire_model":"","runtime":""},"model":"scripted","turn":3},"body_hash":"8d5e7514ff9a409db0b1595a32067bdb1faf0b6015e4533031888233698d265c"}
388
{"seq":13,"class":"model-turn","writer":"l7","ts":"2026-09-26T12:38:12.880993Z","refs":[{"id":"sha256:14a00cbc28a6ba8be6bf5c882bec508ed79bfc9e4acfed82bc7cbbf138a27774","class":"evidence-payload"}],"body":{"endpoint":"","fact":"no-action","identity":{"wire_model":"","runtime":""},"model":"scripted","turn":4},"body_hash":"9e0ed5c4bebf0e78f49457a84c102c9f24352d8281391292eb9569d2dbf0b2da"}
389
{"seq":14,"class":"model-turn","writer":"l7","ts":"2026-09-26T12:38:12.924885Z","refs":[{"id":"sha256:e9e0ffc3ca391b39e2bf96bcccfd530a9254b61fbf7b43798a7339700063f08d","class":"evidence-payload"}],"body":{"endpoint":"","fact":"tool-calls","identity":{"wire_model":"","runtime":""},"model":"scripted","turn":5},"body_hash":"4d0a77cddd2ec9744aaaa382afb66acdc26ca34761c603024fecd59f44cdf2de"}
759
{"seq":15,"class":"l4-audit","writer":"l4","ts":"2026-09-26T12:38:12.935835Z","refs":[{"id":"sha256:8a19cb98db5a880f8f82699d52ec3b3fc4748d62f21379f285e025bbac0167b7","class":"evidence-payload"}],"body":{"Tool":"declare_done","ArgsHash":"44136fa355b3678a1146ad16f7e8649e94fb4fc21fe77e8310c060f61caaff8a","Decision":"authorized","DenialClass":"","ModelDetail":"","TracePredicate":"authorized","ErrClass":"","Target":"","RegistryHash":"7c489f9941884a7d1cf0fde0624f4ea040e0045135867e9a523d49da34d72902","GrantHash":"e33f80a41ca3bf2fe660e7eafed75189593a4897b8c7bc938df499290cfe58f1","ResultHash":"8a19cb98db5a880f8f82699d52ec3b3fc4748d62f21379f285e025bbac0167b7","SkippedOversized":0},"body_hash":"041e2f34ed7d14da37ec6ba62edce05d0d48b90bce2f72fa3b2d932243e4a456"}
297
{"seq":16,"class":"workflow-transition","writer":"l7","ts":"2026-09-26T12:38:12.93975Z","body":{"cause_seq":15,"edge_id":"ANALYZE/signal:phase-completion-requested","exhausted":false,"from":"ANALYZE","to":"REMEDIATE"},"body_hash":"d14b8dc091cd0f6abb024cf400c8792a394013b15b8b3a519f02ca70730e9f6e"}
744
{"seq":17,"class":"l2-delivery","writer":"l7","ts":"2026-09-26T12:38:12.944389Z","refs":[{"id":"sha256:8a0c694053f4971c1afb81b2890c5fa7f0b2ca187055475131d5a633f2759cff","class":"evidence-payload"}],"body":{"contract_hash":"dfb4ade9c5fe1f2d6f8b285ec9099c407842fa16f7a48f87cea051e9d4ed8f96","eis_hash":"2dcd3dcc43700b3767ffb958e2f509dfaba32cee0bc1ffbf34164a5276ab84b1","framing":"l2-composed-v1","l2_payload_hash":"5ac328d3ba402947ee0b87a91d25dbae47e16a88d6c2f9b72274c548badf71fd","payload":"sha256:8a0c694053f4971c1afb81b2890c5fa7f0b2ca187055475131d5a633f2759cff","phase":"REMEDIATE","render_hash":"742057c760a639ad440cce04e8ef08eef597186038754a05c80c6fd975fd75d5"},"body_hash":"e5cfb138b8694579a0196b32471c77686e1a3ba9d1d44dc6ca2a9b62c6f52721"}
389
{"seq":18,"class":"model-turn","writer":"l7","ts":"2026-09-26T12:38:12.956859Z","refs":[{"id":"sha256:be2473a642f199d5e9c926f5c9d67902f8102a47468f3471567aae177be3ca8c","class":"evidence-payload"}],"body":{"endpoint":"","fact":"tool-calls","identity":{"wire_model":"","runtime":""},"model":"scripted","turn":6},"body_hash":"2bb714f12175786c6f0aec033e5542d1409557158c04ef485ca40f04cebe5e8c"}
768
{"seq":19,"class":"l4-audit","writer":"l4","ts":"2026-09-26T12:38:12.969782Z","refs":[{"id":"sha256:c1796b181e534da883ff6b73f1ef929d73b29f559892da6df1e99239ded27523","class":"evidence-payload"}],"body":{"Tool":"write_file","ArgsHash":"d1c11a3fc1d67ad49c21406ec15a9f4adfa8c933aa4df29e1a911645f8d67d19","Decision":"authorized","DenialClass":"","ModelDetail":"","TracePredicate":"authorized","ErrClass":"","Target":"report.json","RegistryHash":"7c489f9941884a7d1cf0fde0624f4ea040e0045135867e9a523d49da34d72902","GrantHash":"e33f80a41ca3bf2fe660e7eafed75189593a4897b8c7bc938df499290cfe58f1","ResultHash":"c1796b181e534da883ff6b73f1ef929d73b29f559892da6df1e99239ded27523","SkippedOversized":0},"body_hash":"44c3134045d42fb7a305b38a2913434fb271fbf0af0c500160ba84c6e5803fa4"}
389
{"seq":20,"class":"model-turn","writer":"l7","ts":"2026-09-26T12:38:12.982869Z","refs":[{"id":"sha256:f4b6d9ea71562c4bda87c97c3506f62ec54f30d5b5a922bc918f8668eda96378","class":"evidence-payload"}],"body":{"endpoint":"","fact":"tool-calls","identity":{"wire_model":"","runtime":""},"model":"scripted","turn":7},"body_hash":"8bf6982c55bf4eccd3072b46f0e7cf88a2f4c1ab1b547ed3bbbc12e56d67e663"}
770
{"seq":21,"class":"l4-audit","writer":"l4","ts":"2026-09-26T12:38:12.99956Z","refs":[{"id":"sha256:3fcca747a8d3c2995d9f62bc8537834cc413df842ddcc0f43a15609039ad1802","class":"evidence-payload"}],"body":{"Tool":"verify_report","ArgsHash":"aaec80259968b22aa5e95f3ad792337991439112031fde09fd8195dbd9a26bf0","Decision":"authorized","DenialClass":"","ModelDetail":"","TracePredicate":"authorized","ErrClass":"","Target":"report.json","RegistryHash":"7c489f9941884a7d1cf0fde0624f4ea040e0045135867e9a523d49da34d72902","GrantHash":"e33f80a41ca3bf2fe660e7eafed75189593a4897b8c7bc938df499290cfe58f1","ResultHash":"3fcca747a8d3c2995d9f62bc8537834cc413df842ddcc0f43a15609039ad1802","SkippedOversized":0},"body_hash":"8cbc2bd5fffc7e4f697029d1ac25bf2047a28dd0f735f05363d17088604987ad"}
744
{"seq":22,"class":"l10-verification","writer":"l10","ts":"2026-09-26T12:38:13.036193Z","refs":[{"id":"sha256:bbc161f60fd09dcc1f5e2566693c1d32513fc9f540712d132fe7fc6de3f3e02f","class":"evidence-payload"},{"id":"sha256:3fcca747a8d3c2995d9f62bc8537834cc413df842ddcc0f43a15609039ad1802","class":"evidence-payload"},{"id":"sha256:e738d02834dd72bc48bea025affa44b633aa98dc32f5cea722dc1c5f4efeb06c","class":"evidence-payload"},{"id":"sha256:4374835c13d349abe110ffe65145df01747b307d02ac295dbbb2eb7b80b7c01a","class":"evidence-payload"}],"body":{"contract":"report-valid@2","outcome":"PASS","record":"sha256:4374835c13d349abe110ffe65145df01747b307d02ac295dbbb2eb7b80b7c01a"},"body_hash":"ba7c016fcec1116814df1f6e8b72ad893be4fa8185f546167c8ce8f1a5ba5c48"}
389
{"seq":23,"class":"model-turn","writer":"l7","ts":"2026-09-26T12:38:13.051035Z","refs":[{"id":"sha256:b2b6fbe5c86a8fba730dbffcb044268e39ef92cdca63839f368d957152296f84","class":"evidence-payload"}],"body":{"endpoint":"","fact":"tool-calls","identity":{"wire_model":"","runtime":""},"model":"scripted","turn":8},"body_hash":"40e75b629f3f54c6b552077c9024d5733203ea281a77299cd3975a1aaf50c063"}
759
{"seq":24,"class":"l4-audit","writer":"l4","ts":"2026-09-26T12:38:13.055196Z","refs":[{"id":"sha256:8a19cb98db5a880f8f82699d52ec3b3fc4748d62f21379f285e025bbac0167b7","class":"evidence-payload"}],"body":{"Tool":"declare_done","ArgsHash":"44136fa355b3678a1146ad16f7e8649e94fb4fc21fe77e8310c060f61caaff8a","Decision":"authorized","DenialClass":"","ModelDetail":"","TracePredicate":"authorized","ErrClass":"","Target":"","RegistryHash":"7c489f9941884a7d1cf0fde0624f4ea040e0045135867e9a523d49da34d72902","GrantHash":"e33f80a41ca3bf2fe660e7eafed75189593a4897b8c7bc938df499290cfe58f1","ResultHash":"8a19cb98db5a880f8f82699d52ec3b3fc4748d62f21379f285e025bbac0167b7","SkippedOversized":0},"body_hash":"22630d88cf118047326de51b0676991488c29d62478e1d211e3ea4bb2912393c"}
359
{"seq":25,"class":"workflow-transition","writer":"l7","ts":"2026-09-26T12:38:13.059812Z","body":{"cause_seq":24,"edge_id":"REMEDIATE/signal:phase-completion-requested#g0","exhausted":false,"from":"REMEDIATE","gate":{"contract":"report-valid@2","outcome":"PASS"},"to":"@complete"},"body_hash":"130b1d32d64dc96308e148ff34c3b215ac6e491e6844879f36cea76bc0f83416"}
226
{"seq":26,"class":"l5-transition","writer":"l5","ts":"2026-09-26T12:38:13.063072Z","body":{"from":"ACTIVE","reason":"task-complete","to":"SEALED"},"body_hash":"f1786af615bd1cee29fd92a5fad890b1e8f52e0cc96f13ae9433e4c2c1f1e9b4"}
222
{"seq":27,"class":"l5-transition","writer":"l5","ts":"2026-09-26T12:38:13.066709Z","body":{"from":"SEALED","reason":"egress","to":"EGRESSING"},"body_hash":"ac42bc67b128c87c376f18e57b6d38b657e1a4c928aae4ae22d1eacc6a4287f3"}
393
{"seq":28,"class":"l5-op","writer":"l5","ts":"2026-09-26T12:38:13.103567Z","body":{"argv":["-c","core.hooksPath=/var/folders/c9/1tp1x0w50h1gjyf7g1km9jxc0000gn/T/TestThemisIntakeFixture1735855065/001/provider/env-1909236032/nohooks","status","--porcelain=v1","-z","-uall"],"exit":0,"outcome":"ok","phase":"egress"},"body_hash":"7113890fad90b6c62850f8c1191f4a64342502160fb0faae2af99b27031834b1"}
339
{"seq":29,"class":"l5-op","writer":"l5","ts":"2026-09-26T12:38:13.117777Z","body":{"artifact_address":"c0edcc3432acafd2ba065d38d7649da925d74c6a0313c1c7e9c06267a41770f8","observed_file_count":1,"observed_total_bytes":139,"op":"egress","outcome":"acknowledged"},"body_hash":"954a2c5585e488bf59b855aaddbfc2c220d0498932b28f99b2d87515d8de19c5"}
243
{"seq":30,"class":"l5-transition","writer":"l5","ts":"2026-09-26T12:38:13.121776Z","body":{"from":"EGRESSING","reason":"artifact c0edcc3432ac","to":"ACKNOWLEDGED"},"body_hash":"29adc527eda22a96aac519f1c88db5dba90f5633625513495712e27fb070fe18"}
373
{"seq":31,"class":"artifact-bound","writer":"l6","ts":"2026-09-26T12:38:13.134814Z","refs":[{"id":"sha256:c0edcc3432acafd2ba065d38d7649da925d74c6a0313c1c7e9c06267a41770f8","class":"egress-artifact"}],"body":{"artifact":"sha256:c0edcc3432acafd2ba065d38d7649da925d74c6a0313c1c7e9c06267a41770f8"},"body_hash":"2431def8a111af9ab26807ae90ed41027fa53d628b9cf508fb9484d8e277b9e9"}
229
{"seq":32,"class":"l5-transition","writer":"l5","ts":"2026-09-26T12:38:13.146683Z","body":{"from":"ACKNOWLEDGED","reason":"teardown","to":"TEARDOWN"},"body_hash":"a2d9d4297868d1229fdfda5acbc30c264bc2c0f699a0d1171a5a5fca7ff19aa4"}
232
{"seq":33,"class":"l5-transition","writer":"l5","ts":"2026-09-26T12:38:13.163848Z","body":{"from":"TEARDOWN","reason":"verified-clean","to":"DESTROYED"},"body_hash":"50f476d48604684fb32cb51ba6d1f7d3f4bae465fe289bf8192d872c5852a774"}
214
{"seq":34,"class":"lifecycle","writer":"l6","ts":"2026-09-26T12:38:13.167724Z","body":{"reason":"workflow @complete","to":"COMPLETED"},"body_hash":"d660a5057c55d6a80aa33ddc6bde872bd8ecc423bb7457562856c5d5dfec8e6f"}
